1.000000000000000000e+00
1.040816326530612290e+00
1.081632653061224580e+00
1.122448979591836649e+00
1.163265306122448939e+00
1.204081632653061229e+00
1.244897959183673519e+00
1.285714285714285587e+00
1.326530612244897878e+00
1.367346938775510168e+00
1.408163265306122458e+00
1.448979591836734748e+00
1.489795918367347038e+00
1.530612244897959107e+00
1.571428571428571397e+00
1.612244897959183465e+00
1.653061224489795755e+00
1.693877551020408045e+00
1.734693877551020336e+00
1.775510204081632626e+00
1.816326530612244916e+00
1.857142857142857206e+00
1.897959183673469274e+00
1.938775510204081565e+00
1.979591836734693855e+00
2.020408163265305923e+00
2.061224489795918213e+00
2.102040816326530503e+00
2.142857142857142794e+00
2.183673469387755084e+00
2.224489795918366930e+00
2.265306122448979664e+00
2.306122448979591510e+00
2.346938775510204245e+00
2.387755102040816091e+00
2.428571428571428381e+00
2.469387755102040671e+00
2.510204081632652962e+00
2.551020408163265252e+00
2.591836734693877098e+00
2.632653061224489832e+00
2.673469387755101678e+00
2.714285714285714413e+00
2.755102040816326259e+00
2.795918367346938549e+00
2.836734693877550839e+00
2.877551020408163129e+00
2.918367346938775420e+00
2.959183673469387710e+00
3.000000000000000000e+00
